Efficiency Calibration Report             10/31/2023  2:57:20 PM   Page  1


**************************************************************************
*****   E F F I C I E N C Y   C A L I B R A T I O N    R E P O R T   *****
**************************************************************************

     Detector Name:  DET01                           
     Sample Title:   Sample title.                                     

     Geometry Description: MANTLES_LAURA   
     Efficiency Calibration Performed on:  10/31/2023  2:57:19 PM
                       by:                         
     Geometry Type Used:   INTERPOL        

                            Efficiency Triplets
                            ===================

                   Energy         Efficiency        Error

                     10.00         9.390E-03      1.408E-03
                     30.02         1.214E-01      1.821E-02
                     45.00         1.470E-01      2.204E-02
                     60.00         1.537E-01      1.537E-02
                     80.00         1.553E-01      1.553E-02
                    100.00         1.529E-01      1.529E-02
                    150.00         1.353E-01      1.353E-02
                    200.00         1.127E-01      9.016E-03
                    300.00         7.972E-02      6.378E-03
                    500.00         5.007E-02      3.004E-03
                    629.90         4.118E-02      2.471E-03
                    640.88         4.058E-02      2.435E-03
                    688.53         3.814E-02      2.288E-03
                    700.00         3.758E-02      2.255E-03
                    738.26         3.588E-02      2.045E-03
                    772.88         3.449E-02      1.897E-03
                    795.47         3.365E-02      1.817E-03
                    805.14         3.330E-02      1.765E-03
                   1000.00         2.794E-02      1.118E-03
                   1143.23         2.507E-02      1.003E-03
                   1207.83         2.393E-02      9.571E-04
                   1229.50         2.357E-02      9.427E-04
                   1262.56         2.304E-02      9.215E-04
                   1277.29         2.281E-02      9.125E-04
                   1287.56         2.266E-02      9.063E-04
                   1310.99         2.231E-02      8.925E-04
                   1400.00         2.119E-02      8.478E-04
                   1432.18         2.082E-02      8.329E-04
                   1513.02         1.994E-02      7.975E-04
                   1604.56         1.902E-02      7.607E-04
                   1666.59         1.843E-02      7.373E-04
                   1724.18         1.792E-02      7.169E-04
                   1806.09         1.723E-02      6.893E-04
                   1823.14         1.710E-02      6.839E-04
                   1887.00         1.661E-02      6.642E-04
                   1928.88         1.630E-02      6.520E-04
                   1951.94         1.613E-02      6.454E-04
                   1965.27         1.604E-02      6.417E-04
                   2000.00         1.580E-02      6.320E-04
                   2103.03         1.512E-02      6.048E-04
Efficiency Calibration Report             10/31/2023  2:57:20 PM   Page  2

                   2175.10         1.467E-02      5.869E-04
                   2613.34         1.236E-02      4.946E-04
                   2686.30         1.204E-02      4.815E-04
                   2890.03         1.120E-02      4.479E-04

                      DUAL Efficiency Calibration Equation
                      ====================================

         Single Equation Terms ->   Offset:      -18.042
                                     Slope:        8.005
                                 Quadratic:       -0.643
                                     Cubic:       -0.216
                                 4th Order:        0.040
                                 5th Order:       -0.002
                                 6th Order:        0.000
                                 7th Order:        0.000
                                 8th Order:        0.000
                                 9th Order:        0.000
Efficiency Calibration Report             10/31/2023  2:57:20 PM   Page  3


                      EMPIRICAL Efficiency Calibration Equation
                      =========================================

      Empirical Equation Terms ->  Scaling:     1450.015
                                    Offset:       -3.882
                                     Slope:        0.821
                                 Quadratic:       -0.023
                                     Cubic:        0.065
                                 4th Order:       -0.030
                                 5th Order:        0.002

                      LINEAR Efficiency Calibration Equation
                      ======================================

         Linear Equation Terms ->   Offset:       -0.000
                                     Slope:       -1.559
                                 Quadratic:      180.009
                                     Cubic:   -12458.122
                                 4th Order:   292203.313
                                 5th Order:  -1860893.87
                                 6th Order:        0.000
                                 7th Order:        0.000
                                 8th Order:        0.000
                                 9th Order:        0.000
